<meta charset="UTF-8">
<body style="font-family: 'Menlo',serif; font-size: 70px;"><p><a href="/move/0/0">_</a>
            
        O
        <a href="/move/0/2">_</a>
            
        
    </p>
<p><a href="/move/1/0">_</a>
            
        X
        <a href="/move/1/2">_</a>
            
        
    </p>
<p>X
        <a href="/move/2/1">_</a>
            
        <a href="/move/2/2">_</a>
            
        
    </p>

</body>